22:01:08 **** Auto Build of configuration Debug for project raw_apps ****
make all 
Building file: ../src/platform.c
Invoking: MicroBlaze gcc compiler
mb-gcc -Wall -O0 -g3 -c -fmessage-length=0 -I../../standalone_bsp_0/microblaze_0/include -mlittle-endian -mxl-barrel-shift -mxl-pattern-compare -mno-xl-soft-div -mcpu=v8.40.b -mno-xl-soft-mul -Wl,--no-relax -MMD -MP -MF"src/platform.d" -MT"src/platform.d" -o "src/platform.o" "../src/platform.c"
Finished building: ../src/platform.c
 
Building target: raw_apps.elf
Invoking: MicroBlaze gcc linker
mb-gcc -Wl,-T -Wl,../src/lscript.ld -L../../standalone_bsp_0/microblaze_0/lib -mlittle-endian -mxl-barrel-shift -mxl-pattern-compare -mno-xl-soft-div -mcpu=v8.40.b -mno-xl-soft-mul -Wl,--no-relax -o "raw_apps.elf"  ./src/dispatch.o ./src/main.o ./src/platform.o ./src/prot_malloc.o ./src/rxperf.o ./src/txperf.o ./src/urxperf.o ./src/utxperf.o   -Wl,--start-group,-lxil,-lgcc,-lc,--end-group -Wl,--start-group,-lxil,-llwip4,-lgcc,-lc,--end-group
Finished building target: raw_apps.elf
 
Invoking: MicroBlaze Print Size
mb-size raw_apps.elf  |tee "raw_apps.elf.size"
   text	   data	    bss	    dec	    hex	filename
 136552	   1716	2390668	2528936	 2696a8	raw_apps.elf
Finished building: raw_apps.elf.size
 
Invoking: Xilinx ELF Check
elfcheck raw_apps.elf -hw ../../xps_hw_platform/system.xml -pe microblaze_0  |tee "raw_apps.elf.elfcheck"
elfcheck
Xilinx EDK 14.7 Build EDK_P.20131013
Copyright (c) 1995-2012 Xilinx, Inc.  All rights reserved.

Command Line: elfcheck -hw ../../xps_hw_platform/system.xml -pe microblaze_0
raw_apps.elf 

ELF file	: raw_apps.elf
elfcheck passed.
Finished building: raw_apps.elf.elfcheck
 

22:01:09 Build Finished (took 1s.222ms)

